------------------------------------------------------------
TimeQuest Timing Analyzer Summary
------------------------------------------------------------

Type  : Slow Model Setup 'clk'
Slack : -3.922
TNS   : -100.433

Type  : Slow Model Setup 'enterOK'
Slack : -0.938
TNS   : -6.622

Type  : Slow Model Hold 'enterOK'
Slack : -2.540
TNS   : -11.841

Type  : Slow Model Hold 'clk'
Slack : -2.538
TNS   : -2.538

Type  : Slow Model Recovery 'enterOK'
Slack : 0.098
TNS   : 0.000

Type  : Slow Model Removal 'enterOK'
Slack : 0.636
TNS   : 0.000

Type  : Slow Model Minimum Pulse Width 'clk'
Slack : -1.941
TNS   : -43.493

Type  : Slow Model Minimum Pulse Width 'enterOK'
Slack : -0.742
TNS   : -19.292

Type  : Fast Model Setup 'clk'
Slack : -0.578
TNS   : -13.463

Type  : Fast Model Setup 'enterOK'
Slack : 0.344
TNS   : 0.000

Type  : Fast Model Hold 'clk'
Slack : -1.345
TNS   : -1.345

Type  : Fast Model Hold 'enterOK'
Slack : -1.292
TNS   : -6.142

Type  : Fast Model Recovery 'enterOK'
Slack : 0.413
TNS   : 0.000

Type  : Fast Model Removal 'enterOK'
Slack : 0.467
TNS   : 0.000

Type  : Fast Model Minimum Pulse Width 'clk'
Slack : -1.380
TNS   : -29.380

Type  : Fast Model Minimum Pulse Width 'enterOK'
Slack : -0.500
TNS   : -13.000

------------------------------------------------------------
